preset: ffmpeg-segment-transcode-expr
case:   uneven-tail
params:
  AudioCodec=copy
  DurationSeconds=7
  OutputFile=/mnt/show/seq010/shot0010/movies/shot0010_h264.mp4
  Quality=20
  SegmentSeconds=2
  SourceFile=/mnt/show/seq010/shot0010/movies/shot0010_source.mov
  VideoCodec=libx264

step "Transcode" — 4 tasks

task 1/4  name="Transcode[Segment=0]"
  task params:
    Segment=0
  command: ffmpeg
  args:
    [0]  -y
    [1]  -ss
    [2]  0
    [3]  -t
    [4]  2
    [5]  -i
    [6]  /mnt/show/seq010/shot0010/movies/shot0010_source.mov
    [7]  -c:v
    [8]  libx264
    [9]  -crf
    [10]  20
    [11]  -c:a
    [12]  copy
    [13]  /mnt/show/seq010/shot0010/movies/shot0010_h264_seg_00000.mp4

task 2/4  name="Transcode[Segment=1]"
  task params:
    Segment=1
  command: ffmpeg
  args:
    [0]  -y
    [1]  -ss
    [2]  2
    [3]  -t
    [4]  2
    [5]  -i
    [6]  /mnt/show/seq010/shot0010/movies/shot0010_source.mov
    [7]  -c:v
    [8]  libx264
    [9]  -crf
    [10]  20
    [11]  -c:a
    [12]  copy
    [13]  /mnt/show/seq010/shot0010/movies/shot0010_h264_seg_00001.mp4

task 3/4  name="Transcode[Segment=2]"
  task params:
    Segment=2
  command: ffmpeg
  args:
    [0]  -y
    [1]  -ss
    [2]  4
    [3]  -t
    [4]  2
    [5]  -i
    [6]  /mnt/show/seq010/shot0010/movies/shot0010_source.mov
    [7]  -c:v
    [8]  libx264
    [9]  -crf
    [10]  20
    [11]  -c:a
    [12]  copy
    [13]  /mnt/show/seq010/shot0010/movies/shot0010_h264_seg_00002.mp4

task 4/4  name="Transcode[Segment=3]"
  task params:
    Segment=3
  command: ffmpeg
  args:
    [0]  -y
    [1]  -ss
    [2]  6
    [3]  -t
    [4]  2
    [5]  -i
    [6]  /mnt/show/seq010/shot0010/movies/shot0010_source.mov
    [7]  -c:v
    [8]  libx264
    [9]  -crf
    [10]  20
    [11]  -c:a
    [12]  copy
    [13]  /mnt/show/seq010/shot0010/movies/shot0010_h264_seg_00003.mp4

step "Join" — 1 task

task 1/1  name="Join"
  command: ffmpeg
  args:
    [0]  -y
    [1]  -f
    [2]  concat
    [3]  -safe
    [4]  0
    [5]  -i
    [6]  <WORKDIR>
    [7]  -c
    [8]  copy
    [9]  /mnt/show/seq010/shot0010/movies/shot0010_h264.mp4
  embedded file "segments" (segments):
    file '/mnt/show/seq010/shot0010/movies/shot0010_h264_seg_00000.mp4'
    file '/mnt/show/seq010/shot0010/movies/shot0010_h264_seg_00001.mp4'
    file '/mnt/show/seq010/shot0010/movies/shot0010_h264_seg_00002.mp4'
    file '/mnt/show/seq010/shot0010/movies/shot0010_h264_seg_00003.mp4'
