preset: houdini-rop-render
case:   stepped-range
params:
  Frames=1-60:2
  RopPath=/out/mantra_beauty
  SceneFile=/mnt/show/seq010/shot0010/scene/shot0010_fx_v004.hip

step "Render" — 30 tasks

task 1/30  name="Render[Frames=1-1]"
  task params:
    Frames=1-1
  command: hython
  args:
    [0]  <WORKDIR>
    [1]  /mnt/show/seq010/shot0010/scene/shot0010_fx_v004.hip
    [2]  /out/mantra_beauty
    [3]  1-1
  embedded file "render_chunk" (render_chunk.py):
    import sys
    import hou
    
    hip, rop_path, frames = sys.argv[1], sys.argv[2], sys.argv[3]
    hou.hipFile.load(hip, ignore_load_warnings=True)
    rop = hou.node(rop_path)
    if rop is None:
        raise SystemExit("no such ROP: " + rop_path)
    for part in frames.split(","):
        expr, _, step = part.partition(":")
        lo, _, hi = expr.partition("-")
        rop.render(frame_range=(int(lo), int(hi or lo), int(step or 1)))

task 2/30  name="Render[Frames=3-3]"
  task params:
    Frames=3-3
  command: hython
  args:
    [0]  <WORKDIR>
    [1]  /mnt/show/seq010/shot0010/scene/shot0010_fx_v004.hip
    [2]  /out/mantra_beauty
    [3]  3-3
  embedded file "render_chunk" (render_chunk.py):
    import sys
    import hou
    
    hip, rop_path, frames = sys.argv[1], sys.argv[2], sys.argv[3]
    hou.hipFile.load(hip, ignore_load_warnings=True)
    rop = hou.node(rop_path)
    if rop is None:
        raise SystemExit("no such ROP: " + rop_path)
    for part in frames.split(","):
        expr, _, step = part.partition(":")
        lo, _, hi = expr.partition("-")
        rop.render(frame_range=(int(lo), int(hi or lo), int(step or 1)))

task 3/30  name="Render[Frames=5-5]"
  task params:
    Frames=5-5
  command: hython
  args:
    [0]  <WORKDIR>
    [1]  /mnt/show/seq010/shot0010/scene/shot0010_fx_v004.hip
    [2]  /out/mantra_beauty
    [3]  5-5
  embedded file "render_chunk" (render_chunk.py):
    import sys
    import hou
    
    hip, rop_path, frames = sys.argv[1], sys.argv[2], sys.argv[3]
    hou.hipFile.load(hip, ignore_load_warnings=True)
    rop = hou.node(rop_path)
    if rop is None:
        raise SystemExit("no such ROP: " + rop_path)
    for part in frames.split(","):
        expr, _, step = part.partition(":")
        lo, _, hi = expr.partition("-")
        rop.render(frame_range=(int(lo), int(hi or lo), int(step or 1)))

task 4/30  name="Render[Frames=7-7]"
  task params:
    Frames=7-7
  command: hython
  args:
    [0]  <WORKDIR>
    [1]  /mnt/show/seq010/shot0010/scene/shot0010_fx_v004.hip
    [2]  /out/mantra_beauty
    [3]  7-7
  embedded file "render_chunk" (render_chunk.py):
    import sys
    import hou
    
    hip, rop_path, frames = sys.argv[1], sys.argv[2], sys.argv[3]
    hou.hipFile.load(hip, ignore_load_warnings=True)
    rop = hou.node(rop_path)
    if rop is None:
        raise SystemExit("no such ROP: " + rop_path)
    for part in frames.split(","):
        expr, _, step = part.partition(":")
        lo, _, hi = expr.partition("-")
        rop.render(frame_range=(int(lo), int(hi or lo), int(step or 1)))

task 5/30  name="Render[Frames=9-9]"
  task params:
    Frames=9-9
  command: hython
  args:
    [0]  <WORKDIR>
    [1]  /mnt/show/seq010/shot0010/scene/shot0010_fx_v004.hip
    [2]  /out/mantra_beauty
    [3]  9-9
  embedded file "render_chunk" (render_chunk.py):
    import sys
    import hou
    
    hip, rop_path, frames = sys.argv[1], sys.argv[2], sys.argv[3]
    hou.hipFile.load(hip, ignore_load_warnings=True)
    rop = hou.node(rop_path)
    if rop is None:
        raise SystemExit("no such ROP: " + rop_path)
    for part in frames.split(","):
        expr, _, step = part.partition(":")
        lo, _, hi = expr.partition("-")
        rop.render(frame_range=(int(lo), int(hi or lo), int(step or 1)))

task 6/30  name="Render[Frames=11-11]"
  task params:
    Frames=11-11
  command: hython
  args:
    [0]  <WORKDIR>
    [1]  /mnt/show/seq010/shot0010/scene/shot0010_fx_v004.hip
    [2]  /out/mantra_beauty
    [3]  11-11
  embedded file "render_chunk" (render_chunk.py):
    import sys
    import hou
    
    hip, rop_path, frames = sys.argv[1], sys.argv[2], sys.argv[3]
    hou.hipFile.load(hip, ignore_load_warnings=True)
    rop = hou.node(rop_path)
    if rop is None:
        raise SystemExit("no such ROP: " + rop_path)
    for part in frames.split(","):
        expr, _, step = part.partition(":")
        lo, _, hi = expr.partition("-")
        rop.render(frame_range=(int(lo), int(hi or lo), int(step or 1)))

task 7/30  name="Render[Frames=13-13]"
  task params:
    Frames=13-13
  command: hython
  args:
    [0]  <WORKDIR>
    [1]  /mnt/show/seq010/shot0010/scene/shot0010_fx_v004.hip
    [2]  /out/mantra_beauty
    [3]  13-13
  embedded file "render_chunk" (render_chunk.py):
    import sys
    import hou
    
    hip, rop_path, frames = sys.argv[1], sys.argv[2], sys.argv[3]
    hou.hipFile.load(hip, ignore_load_warnings=True)
    rop = hou.node(rop_path)
    if rop is None:
        raise SystemExit("no such ROP: " + rop_path)
    for part in frames.split(","):
        expr, _, step = part.partition(":")
        lo, _, hi = expr.partition("-")
        rop.render(frame_range=(int(lo), int(hi or lo), int(step or 1)))

task 8/30  name="Render[Frames=15-15]"
  task params:
    Frames=15-15
  command: hython
  args:
    [0]  <WORKDIR>
    [1]  /mnt/show/seq010/shot0010/scene/shot0010_fx_v004.hip
    [2]  /out/mantra_beauty
    [3]  15-15
  embedded file "render_chunk" (render_chunk.py):
    import sys
    import hou
    
    hip, rop_path, frames = sys.argv[1], sys.argv[2], sys.argv[3]
    hou.hipFile.load(hip, ignore_load_warnings=True)
    rop = hou.node(rop_path)
    if rop is None:
        raise SystemExit("no such ROP: " + rop_path)
    for part in frames.split(","):
        expr, _, step = part.partition(":")
        lo, _, hi = expr.partition("-")
        rop.render(frame_range=(int(lo), int(hi or lo), int(step or 1)))

task 9/30  name="Render[Frames=17-17]"
  task params:
    Frames=17-17
  command: hython
  args:
    [0]  <WORKDIR>
    [1]  /mnt/show/seq010/shot0010/scene/shot0010_fx_v004.hip
    [2]  /out/mantra_beauty
    [3]  17-17
  embedded file "render_chunk" (render_chunk.py):
    import sys
    import hou
    
    hip, rop_path, frames = sys.argv[1], sys.argv[2], sys.argv[3]
    hou.hipFile.load(hip, ignore_load_warnings=True)
    rop = hou.node(rop_path)
    if rop is None:
        raise SystemExit("no such ROP: " + rop_path)
    for part in frames.split(","):
        expr, _, step = part.partition(":")
        lo, _, hi = expr.partition("-")
        rop.render(frame_range=(int(lo), int(hi or lo), int(step or 1)))

task 10/30  name="Render[Frames=19-19]"
  task params:
    Frames=19-19
  command: hython
  args:
    [0]  <WORKDIR>
    [1]  /mnt/show/seq010/shot0010/scene/shot0010_fx_v004.hip
    [2]  /out/mantra_beauty
    [3]  19-19
  embedded file "render_chunk" (render_chunk.py):
    import sys
    import hou
    
    hip, rop_path, frames = sys.argv[1], sys.argv[2], sys.argv[3]
    hou.hipFile.load(hip, ignore_load_warnings=True)
    rop = hou.node(rop_path)
    if rop is None:
        raise SystemExit("no such ROP: " + rop_path)
    for part in frames.split(","):
        expr, _, step = part.partition(":")
        lo, _, hi = expr.partition("-")
        rop.render(frame_range=(int(lo), int(hi or lo), int(step or 1)))

task 11/30  name="Render[Frames=21-21]"
  task params:
    Frames=21-21
  command: hython
  args:
    [0]  <WORKDIR>
    [1]  /mnt/show/seq010/shot0010/scene/shot0010_fx_v004.hip
    [2]  /out/mantra_beauty
    [3]  21-21
  embedded file "render_chunk" (render_chunk.py):
    import sys
    import hou
    
    hip, rop_path, frames = sys.argv[1], sys.argv[2], sys.argv[3]
    hou.hipFile.load(hip, ignore_load_warnings=True)
    rop = hou.node(rop_path)
    if rop is None:
        raise SystemExit("no such ROP: " + rop_path)
    for part in frames.split(","):
        expr, _, step = part.partition(":")
        lo, _, hi = expr.partition("-")
        rop.render(frame_range=(int(lo), int(hi or lo), int(step or 1)))

task 12/30  name="Render[Frames=23-23]"
  task params:
    Frames=23-23
  command: hython
  args:
    [0]  <WORKDIR>
    [1]  /mnt/show/seq010/shot0010/scene/shot0010_fx_v004.hip
    [2]  /out/mantra_beauty
    [3]  23-23
  embedded file "render_chunk" (render_chunk.py):
    import sys
    import hou
    
    hip, rop_path, frames = sys.argv[1], sys.argv[2], sys.argv[3]
    hou.hipFile.load(hip, ignore_load_warnings=True)
    rop = hou.node(rop_path)
    if rop is None:
        raise SystemExit("no such ROP: " + rop_path)
    for part in frames.split(","):
        expr, _, step = part.partition(":")
        lo, _, hi = expr.partition("-")
        rop.render(frame_range=(int(lo), int(hi or lo), int(step or 1)))

task 13/30  name="Render[Frames=25-25]"
  task params:
    Frames=25-25
  command: hython
  args:
    [0]  <WORKDIR>
    [1]  /mnt/show/seq010/shot0010/scene/shot0010_fx_v004.hip
    [2]  /out/mantra_beauty
    [3]  25-25
  embedded file "render_chunk" (render_chunk.py):
    import sys
    import hou
    
    hip, rop_path, frames = sys.argv[1], sys.argv[2], sys.argv[3]
    hou.hipFile.load(hip, ignore_load_warnings=True)
    rop = hou.node(rop_path)
    if rop is None:
        raise SystemExit("no such ROP: " + rop_path)
    for part in frames.split(","):
        expr, _, step = part.partition(":")
        lo, _, hi = expr.partition("-")
        rop.render(frame_range=(int(lo), int(hi or lo), int(step or 1)))

task 14/30  name="Render[Frames=27-27]"
  task params:
    Frames=27-27
  command: hython
  args:
    [0]  <WORKDIR>
    [1]  /mnt/show/seq010/shot0010/scene/shot0010_fx_v004.hip
    [2]  /out/mantra_beauty
    [3]  27-27
  embedded file "render_chunk" (render_chunk.py):
    import sys
    import hou
    
    hip, rop_path, frames = sys.argv[1], sys.argv[2], sys.argv[3]
    hou.hipFile.load(hip, ignore_load_warnings=True)
    rop = hou.node(rop_path)
    if rop is None:
        raise SystemExit("no such ROP: " + rop_path)
    for part in frames.split(","):
        expr, _, step = part.partition(":")
        lo, _, hi = expr.partition("-")
        rop.render(frame_range=(int(lo), int(hi or lo), int(step or 1)))

task 15/30  name="Render[Frames=29-29]"
  task params:
    Frames=29-29
  command: hython
  args:
    [0]  <WORKDIR>
    [1]  /mnt/show/seq010/shot0010/scene/shot0010_fx_v004.hip
    [2]  /out/mantra_beauty
    [3]  29-29
  embedded file "render_chunk" (render_chunk.py):
    import sys
    import hou
    
    hip, rop_path, frames = sys.argv[1], sys.argv[2], sys.argv[3]
    hou.hipFile.load(hip, ignore_load_warnings=True)
    rop = hou.node(rop_path)
    if rop is None:
        raise SystemExit("no such ROP: " + rop_path)
    for part in frames.split(","):
        expr, _, step = part.partition(":")
        lo, _, hi = expr.partition("-")
        rop.render(frame_range=(int(lo), int(hi or lo), int(step or 1)))

task 16/30  name="Render[Frames=31-31]"
  task params:
    Frames=31-31
  command: hython
  args:
    [0]  <WORKDIR>
    [1]  /mnt/show/seq010/shot0010/scene/shot0010_fx_v004.hip
    [2]  /out/mantra_beauty
    [3]  31-31
  embedded file "render_chunk" (render_chunk.py):
    import sys
    import hou
    
    hip, rop_path, frames = sys.argv[1], sys.argv[2], sys.argv[3]
    hou.hipFile.load(hip, ignore_load_warnings=True)
    rop = hou.node(rop_path)
    if rop is None:
        raise SystemExit("no such ROP: " + rop_path)
    for part in frames.split(","):
        expr, _, step = part.partition(":")
        lo, _, hi = expr.partition("-")
        rop.render(frame_range=(int(lo), int(hi or lo), int(step or 1)))

task 17/30  name="Render[Frames=33-33]"
  task params:
    Frames=33-33
  command: hython
  args:
    [0]  <WORKDIR>
    [1]  /mnt/show/seq010/shot0010/scene/shot0010_fx_v004.hip
    [2]  /out/mantra_beauty
    [3]  33-33
  embedded file "render_chunk" (render_chunk.py):
    import sys
    import hou
    
    hip, rop_path, frames = sys.argv[1], sys.argv[2], sys.argv[3]
    hou.hipFile.load(hip, ignore_load_warnings=True)
    rop = hou.node(rop_path)
    if rop is None:
        raise SystemExit("no such ROP: " + rop_path)
    for part in frames.split(","):
        expr, _, step = part.partition(":")
        lo, _, hi = expr.partition("-")
        rop.render(frame_range=(int(lo), int(hi or lo), int(step or 1)))

task 18/30  name="Render[Frames=35-35]"
  task params:
    Frames=35-35
  command: hython
  args:
    [0]  <WORKDIR>
    [1]  /mnt/show/seq010/shot0010/scene/shot0010_fx_v004.hip
    [2]  /out/mantra_beauty
    [3]  35-35
  embedded file "render_chunk" (render_chunk.py):
    import sys
    import hou
    
    hip, rop_path, frames = sys.argv[1], sys.argv[2], sys.argv[3]
    hou.hipFile.load(hip, ignore_load_warnings=True)
    rop = hou.node(rop_path)
    if rop is None:
        raise SystemExit("no such ROP: " + rop_path)
    for part in frames.split(","):
        expr, _, step = part.partition(":")
        lo, _, hi = expr.partition("-")
        rop.render(frame_range=(int(lo), int(hi or lo), int(step or 1)))

task 19/30  name="Render[Frames=37-37]"
  task params:
    Frames=37-37
  command: hython
  args:
    [0]  <WORKDIR>
    [1]  /mnt/show/seq010/shot0010/scene/shot0010_fx_v004.hip
    [2]  /out/mantra_beauty
    [3]  37-37
  embedded file "render_chunk" (render_chunk.py):
    import sys
    import hou
    
    hip, rop_path, frames = sys.argv[1], sys.argv[2], sys.argv[3]
    hou.hipFile.load(hip, ignore_load_warnings=True)
    rop = hou.node(rop_path)
    if rop is None:
        raise SystemExit("no such ROP: " + rop_path)
    for part in frames.split(","):
        expr, _, step = part.partition(":")
        lo, _, hi = expr.partition("-")
        rop.render(frame_range=(int(lo), int(hi or lo), int(step or 1)))

task 20/30  name="Render[Frames=39-39]"
  task params:
    Frames=39-39
  command: hython
  args:
    [0]  <WORKDIR>
    [1]  /mnt/show/seq010/shot0010/scene/shot0010_fx_v004.hip
    [2]  /out/mantra_beauty
    [3]  39-39
  embedded file "render_chunk" (render_chunk.py):
    import sys
    import hou
    
    hip, rop_path, frames = sys.argv[1], sys.argv[2], sys.argv[3]
    hou.hipFile.load(hip, ignore_load_warnings=True)
    rop = hou.node(rop_path)
    if rop is None:
        raise SystemExit("no such ROP: " + rop_path)
    for part in frames.split(","):
        expr, _, step = part.partition(":")
        lo, _, hi = expr.partition("-")
        rop.render(frame_range=(int(lo), int(hi or lo), int(step or 1)))

task 21/30  name="Render[Frames=41-41]"
  task params:
    Frames=41-41
  command: hython
  args:
    [0]  <WORKDIR>
    [1]  /mnt/show/seq010/shot0010/scene/shot0010_fx_v004.hip
    [2]  /out/mantra_beauty
    [3]  41-41
  embedded file "render_chunk" (render_chunk.py):
    import sys
    import hou
    
    hip, rop_path, frames = sys.argv[1], sys.argv[2], sys.argv[3]
    hou.hipFile.load(hip, ignore_load_warnings=True)
    rop = hou.node(rop_path)
    if rop is None:
        raise SystemExit("no such ROP: " + rop_path)
    for part in frames.split(","):
        expr, _, step = part.partition(":")
        lo, _, hi = expr.partition("-")
        rop.render(frame_range=(int(lo), int(hi or lo), int(step or 1)))

task 22/30  name="Render[Frames=43-43]"
  task params:
    Frames=43-43
  command: hython
  args:
    [0]  <WORKDIR>
    [1]  /mnt/show/seq010/shot0010/scene/shot0010_fx_v004.hip
    [2]  /out/mantra_beauty
    [3]  43-43
  embedded file "render_chunk" (render_chunk.py):
    import sys
    import hou
    
    hip, rop_path, frames = sys.argv[1], sys.argv[2], sys.argv[3]
    hou.hipFile.load(hip, ignore_load_warnings=True)
    rop = hou.node(rop_path)
    if rop is None:
        raise SystemExit("no such ROP: " + rop_path)
    for part in frames.split(","):
        expr, _, step = part.partition(":")
        lo, _, hi = expr.partition("-")
        rop.render(frame_range=(int(lo), int(hi or lo), int(step or 1)))

task 23/30  name="Render[Frames=45-45]"
  task params:
    Frames=45-45
  command: hython
  args:
    [0]  <WORKDIR>
    [1]  /mnt/show/seq010/shot0010/scene/shot0010_fx_v004.hip
    [2]  /out/mantra_beauty
    [3]  45-45
  embedded file "render_chunk" (render_chunk.py):
    import sys
    import hou
    
    hip, rop_path, frames = sys.argv[1], sys.argv[2], sys.argv[3]
    hou.hipFile.load(hip, ignore_load_warnings=True)
    rop = hou.node(rop_path)
    if rop is None:
        raise SystemExit("no such ROP: " + rop_path)
    for part in frames.split(","):
        expr, _, step = part.partition(":")
        lo, _, hi = expr.partition("-")
        rop.render(frame_range=(int(lo), int(hi or lo), int(step or 1)))

task 24/30  name="Render[Frames=47-47]"
  task params:
    Frames=47-47
  command: hython
  args:
    [0]  <WORKDIR>
    [1]  /mnt/show/seq010/shot0010/scene/shot0010_fx_v004.hip
    [2]  /out/mantra_beauty
    [3]  47-47
  embedded file "render_chunk" (render_chunk.py):
    import sys
    import hou
    
    hip, rop_path, frames = sys.argv[1], sys.argv[2], sys.argv[3]
    hou.hipFile.load(hip, ignore_load_warnings=True)
    rop = hou.node(rop_path)
    if rop is None:
        raise SystemExit("no such ROP: " + rop_path)
    for part in frames.split(","):
        expr, _, step = part.partition(":")
        lo, _, hi = expr.partition("-")
        rop.render(frame_range=(int(lo), int(hi or lo), int(step or 1)))

task 25/30  name="Render[Frames=49-49]"
  task params:
    Frames=49-49
  command: hython
  args:
    [0]  <WORKDIR>
    [1]  /mnt/show/seq010/shot0010/scene/shot0010_fx_v004.hip
    [2]  /out/mantra_beauty
    [3]  49-49
  embedded file "render_chunk" (render_chunk.py):
    import sys
    import hou
    
    hip, rop_path, frames = sys.argv[1], sys.argv[2], sys.argv[3]
    hou.hipFile.load(hip, ignore_load_warnings=True)
    rop = hou.node(rop_path)
    if rop is None:
        raise SystemExit("no such ROP: " + rop_path)
    for part in frames.split(","):
        expr, _, step = part.partition(":")
        lo, _, hi = expr.partition("-")
        rop.render(frame_range=(int(lo), int(hi or lo), int(step or 1)))

task 26/30  name="Render[Frames=51-51]"
  task params:
    Frames=51-51
  command: hython
  args:
    [0]  <WORKDIR>
    [1]  /mnt/show/seq010/shot0010/scene/shot0010_fx_v004.hip
    [2]  /out/mantra_beauty
    [3]  51-51
  embedded file "render_chunk" (render_chunk.py):
    import sys
    import hou
    
    hip, rop_path, frames = sys.argv[1], sys.argv[2], sys.argv[3]
    hou.hipFile.load(hip, ignore_load_warnings=True)
    rop = hou.node(rop_path)
    if rop is None:
        raise SystemExit("no such ROP: " + rop_path)
    for part in frames.split(","):
        expr, _, step = part.partition(":")
        lo, _, hi = expr.partition("-")
        rop.render(frame_range=(int(lo), int(hi or lo), int(step or 1)))

task 27/30  name="Render[Frames=53-53]"
  task params:
    Frames=53-53
  command: hython
  args:
    [0]  <WORKDIR>
    [1]  /mnt/show/seq010/shot0010/scene/shot0010_fx_v004.hip
    [2]  /out/mantra_beauty
    [3]  53-53
  embedded file "render_chunk" (render_chunk.py):
    import sys
    import hou
    
    hip, rop_path, frames = sys.argv[1], sys.argv[2], sys.argv[3]
    hou.hipFile.load(hip, ignore_load_warnings=True)
    rop = hou.node(rop_path)
    if rop is None:
        raise SystemExit("no such ROP: " + rop_path)
    for part in frames.split(","):
        expr, _, step = part.partition(":")
        lo, _, hi = expr.partition("-")
        rop.render(frame_range=(int(lo), int(hi or lo), int(step or 1)))

task 28/30  name="Render[Frames=55-55]"
  task params:
    Frames=55-55
  command: hython
  args:
    [0]  <WORKDIR>
    [1]  /mnt/show/seq010/shot0010/scene/shot0010_fx_v004.hip
    [2]  /out/mantra_beauty
    [3]  55-55
  embedded file "render_chunk" (render_chunk.py):
    import sys
    import hou
    
    hip, rop_path, frames = sys.argv[1], sys.argv[2], sys.argv[3]
    hou.hipFile.load(hip, ignore_load_warnings=True)
    rop = hou.node(rop_path)
    if rop is None:
        raise SystemExit("no such ROP: " + rop_path)
    for part in frames.split(","):
        expr, _, step = part.partition(":")
        lo, _, hi = expr.partition("-")
        rop.render(frame_range=(int(lo), int(hi or lo), int(step or 1)))

task 29/30  name="Render[Frames=57-57]"
  task params:
    Frames=57-57
  command: hython
  args:
    [0]  <WORKDIR>
    [1]  /mnt/show/seq010/shot0010/scene/shot0010_fx_v004.hip
    [2]  /out/mantra_beauty
    [3]  57-57
  embedded file "render_chunk" (render_chunk.py):
    import sys
    import hou
    
    hip, rop_path, frames = sys.argv[1], sys.argv[2], sys.argv[3]
    hou.hipFile.load(hip, ignore_load_warnings=True)
    rop = hou.node(rop_path)
    if rop is None:
        raise SystemExit("no such ROP: " + rop_path)
    for part in frames.split(","):
        expr, _, step = part.partition(":")
        lo, _, hi = expr.partition("-")
        rop.render(frame_range=(int(lo), int(hi or lo), int(step or 1)))

task 30/30  name="Render[Frames=59-59]"
  task params:
    Frames=59-59
  command: hython
  args:
    [0]  <WORKDIR>
    [1]  /mnt/show/seq010/shot0010/scene/shot0010_fx_v004.hip
    [2]  /out/mantra_beauty
    [3]  59-59
  embedded file "render_chunk" (render_chunk.py):
    import sys
    import hou
    
    hip, rop_path, frames = sys.argv[1], sys.argv[2], sys.argv[3]
    hou.hipFile.load(hip, ignore_load_warnings=True)
    rop = hou.node(rop_path)
    if rop is None:
        raise SystemExit("no such ROP: " + rop_path)
    for part in frames.split(","):
        expr, _, step = part.partition(":")
        lo, _, hi = expr.partition("-")
        rop.render(frame_range=(int(lo), int(hi or lo), int(step or 1)))
